#===============================================================================
# Direct Metadynamics
#===============================================================================
# RST: Number of hills read from restart file:       956
 
#       1               2
#   NSTEP              d1
#                       A
#-------- ---------------
