#===============================================================================
# Adaptive Biasing Force Method
#===============================================================================
# RST: frestart = on
#       1               2
#   NSTEP              d1
#                    [nm]
#-------- ---------------
